// Jest Snapshot v1, https://goo.gl/fbAQLP

exports[`ErrorScreen Component should match the snapshot 1`] = `
<View
  style={
    {
      "alignItems": "center",
      "backgroundColor": "#fff",
      "flex": 1,
      "justifyContent": "center",
      "padding": 24,
    }
  }
>
  <Text
    style={
      {
        "fontSize": 64,
        "marginBottom": 16,
      }
    }
  >
    ‚ùå
  </Text>
  <Text
    style={
      {
        "color": "#333",
        "fontSize": 24,
        "fontWeight": "700",
        "marginBottom": 8,
      }
    }
  >
    Oops!
  </Text>
  <Text
    style={
      {
        "color": "#666",
        "fontSize": 16,
        "marginBottom": 24,
        "paddingHorizontal": 12,
        "textAlign": "center",
      }
    }
  >
    Test error message
  </Text>
  <View
    accessibilityState={
      {
        "busy": undefined,
        "checked": undefined,
        "disabled": undefined,
        "expanded": undefined,
        "selected": undefined,
      }
    }
    accessibilityValue={
      {
        "max": undefined,
        "min": undefined,
        "now": undefined,
        "text": undefined,
      }
    }
    accessible={true}
    collapsable={false}
    focusable={true}
    onClick={[Function]}
    onResponderGrant={[Function]}
    onResponderMove={[Function]}
    onResponderRelease={[Function]}
    onResponderTerminate={[Function]}
    onResponderTerminationRequest={[Function]}
    onStartShouldSetResponder={[Function]}
    style={
      {
        "backgroundColor": "#0077c8",
        "borderRadius": 6,
        "opacity": 1,
        "paddingHorizontal": 32,
        "paddingVertical": 12,
      }
    }
  >
    <Text
      style={
        {
          "color": "#fff",
          "fontSize": 16,
          "fontWeight": "600",
        }
      }
    >
      Retry
    </Text>
  </View>
</View>
`;
