// Jest Snapshot v1, https://goo.gl/fbAQLP

exports[`AlbumCell Component renders correctly 1`] = `
<View
  accessibilityState={
    {
      "busy": undefined,
      "checked": undefined,
      "disabled": undefined,
      "expanded": undefined,
      "selected": undefined,
    }
  }
  accessibilityValue={
    {
      "max": undefined,
      "min": undefined,
      "now": undefined,
      "text": undefined,
    }
  }
  accessible={true}
  collapsable={false}
  focusable={true}
  onClick={[Function]}
  onResponderGrant={[Function]}
  onResponderMove={[Function]}
  onResponderRelease={[Function]}
  onResponderTerminate={[Function]}
  onResponderTerminationRequest={[Function]}
  onStartShouldSetResponder={[Function]}
  style={
    {
      "backgroundColor": "#fff",
      "borderBottomLeftRadius": 12,
      "borderBottomRightRadius": 12,
      "borderTopLeftRadius": 12,
      "borderTopRightRadius": 12,
      "elevation": 3,
      "flexBasis": 0,
      "flexGrow": 1,
      "flexShrink": 1,
      "marginBottom": 8,
      "marginLeft": 8,
      "marginRight": 8,
      "marginTop": 8,
      "opacity": 1,
      "paddingBottom": 10,
      "shadowColor": "#000",
      "shadowOpacity": 0.1,
      "shadowRadius": 6,
    }
  }
  testID="album-card"
>
  <Image
    source={
      {
        "uri": "https://example.com/artwork60/1.jpg",
      }
    }
    style={
      {
        "aspectRatio": 1,
        "borderTopLeftRadius": 8,
        "borderTopRightRadius": 8,
        "resizeMode": "cover",
        "width": "100%",
      }
    }
    testID="album-artwork"
  />
  <View
    style={
      {
        "alignItems": "center",
        "flexDirection": "row",
        "justifyContent": "space-between",
        "paddingHorizontal": 5,
        "width": "100%",
      }
    }
  >
    <Text
      numberOfLines={1}
      style={
        {
          "color": "#000",
          "flexBasis": 0,
          "flexGrow": 1,
          "flexShrink": 1,
          "fontSize": 10,
          "fontWeight": "800",
          "marginRight": 8,
        }
      }
    >
      Collection 1
    </Text>
    <Text
      style={
        {
          "color": "#000",
          "flexShrink": 0,
          "fontSize": 10,
          "fontWeight": "bold",
        }
      }
    >
      $20
    </Text>
  </View>
  <Text
    style={
      {
        "color": "#666",
        "fontSize": 10,
        "marginTop": 4,
        "paddingHorizontal": 5,
      }
    }
  >
    Artist 1
  </Text>
</View>
`;
